**********************
Inicio de la transcripción de Windows PowerShell
Hora de inicio: 20200129103237
Nombre de usuario: DESKTOP-IA9DV28\Usuario
Usuario RunAs: DESKTOP-IA9DV28\Usuario
Nombre de la configuración: 
Máquina: DESKTOP-IA9DV28 (Microsoft Windows NT 10.0.17763.0)
Aplicación host: C:\Windows\system32\WindowsPowerShell\v1.0\PowerShell_ISE.exe
Id. de proceso: 3844
PSVersion: 5.1.17763.1
PSEdition: Desktop
PSCompatibleVersions: 1.0, 2.0, 3.0, 4.0, 5.0, 5.1.17763.1
BuildVersion: 10.0.17763.1
CLRVersion: 4.0.30319.42000
WSManStackVersion: 3.0
PSRemotingProtocolVersion: 2.3
SerializationVersion: 1.1.0.1
**********************
La transcripción ha comenzado. El archivo de salida es C:\Users\Usuario\Documents\PowerShell_transcript.DESKTOP-IA9DV28.ZvDgbrBo.20200129103237.txt
PS C:\Windows\system32> Get-EventLog -LogName Security -Newest 100

   Index Time          EntryType   Source                 InstanceID Message
   ----- ----          ---------   ------                 ---------- -------
    1919 ene. 29 10:31 SuccessA... Microsoft-Windows...         4797 Se ha realizado un intento de consultar la existenci...
    1918 ene. 29 10:31 SuccessA... Microsoft-Windows...         4797 Se ha realizado un intento de consultar la existenci...
    1917 ene. 29 10:31 SuccessA... Microsoft-Windows...         4797 Se ha realizado un intento de consultar la existenci...
    1916 ene. 29 10:31 SuccessA... Microsoft-Windows...         4797 Se ha realizado un intento de consultar la existenci...
    1915 ene. 29 10:20 SuccessA... Microsoft-Windows...         4672 Se asignaron privilegios especiales a un nuevo inici...
    1914 ene. 29 10:20 SuccessA... Microsoft-Windows...         4624 Se inició sesión correctamente en una cuenta....
    1913 ene. 29 10:07 SuccessA... Microsoft-Windows...         4672 Se asignaron privilegios especiales a un nuevo inici...
    1912 ene. 29 10:07 SuccessA... Microsoft-Windows...         4624 Se inició sesión correctamente en una cuenta....
    1911 ene. 29 09:56 SuccessA... Microsoft-Windows...         4672 Se asignaron privilegios especiales a un nuevo inici...
    1910 ene. 29 09:56 SuccessA... Microsoft-Windows...         4624 Se inició sesión correctamente en una cuenta....
    1909 ene. 29 09:51 SuccessA... Microsoft-Windows...         4672 Se asignaron privilegios especiales a un nuevo inici...
    1908 ene. 29 09:51 SuccessA... Microsoft-Windows...         4624 Se inició sesión correctamente en una cuenta....
    1907 ene. 29 09:51 SuccessA... Microsoft-Windows...         4672 Se asignaron privilegios especiales a un nuevo inici...
    1906 ene. 29 09:51 SuccessA... Microsoft-Windows...         4624 Se inició sesión correctamente en una cuenta....
    1905 ene. 29 09:48 SuccessA... Microsoft-Windows...         5059 Operación de migración de claves....
    1904 ene. 29 09:48 SuccessA... Microsoft-Windows...         5061 Operación criptográfica....
    1903 ene. 29 09:48 SuccessA... Microsoft-Windows...         5058 Operación de archivo de clave....
    1902 ene. 29 09:47 SuccessA... Microsoft-Windows...         5379 Las credenciales del Administrador de credenciales s...
    1901 ene. 29 09:47 SuccessA... Microsoft-Windows...         5379 Las credenciales del Administrador de credenciales s...
    1900 ene. 29 09:47 SuccessA... Microsoft-Windows...         5379 Las credenciales del Administrador de credenciales s...
    1899 ene. 29 09:46 SuccessA... Microsoft-Windows...         5379 Las credenciales del Administrador de credenciales s...
    1898 ene. 29 09:46 SuccessA... Microsoft-Windows...         5379 Las credenciales del Administrador de credenciales s...
    1897 ene. 29 09:46 SuccessA... Microsoft-Windows...         5379 Las credenciales del Administrador de credenciales s...
    1896 ene. 29 09:46 SuccessA... Microsoft-Windows...         5379 Las credenciales del Administrador de credenciales s...
    1895 ene. 29 09:46 SuccessA... Microsoft-Windows...         5379 Las credenciales del Administrador de credenciales s...
    1894 ene. 29 09:46 SuccessA... Microsoft-Windows...         5379 Las credenciales del Administrador de credenciales s...
    1893 ene. 29 09:45 SuccessA... Microsoft-Windows...         5379 Las credenciales del Administrador de credenciales s...
    1892 ene. 29 09:45 SuccessA... Microsoft-Windows...         5379 Las credenciales del Administrador de credenciales s...
    1891 ene. 29 09:45 SuccessA... Microsoft-Windows...         5379 Las credenciales del Administrador de credenciales s...
    1890 ene. 29 09:45 SuccessA... Microsoft-Windows...         5379 Las credenciales del Administrador de credenciales s...
    1889 ene. 29 09:45 SuccessA... Microsoft-Windows...         5379 Las credenciales del Administrador de credenciales s...
    1888 ene. 29 09:45 SuccessA... Microsoft-Windows...         5379 Las credenciales del Administrador de credenciales s...
    1887 ene. 29 09:44 SuccessA... Microsoft-Windows...         5379 Las credenciales del Administrador de credenciales s...
    1886 ene. 29 09:44 SuccessA... Microsoft-Windows...         5379 Las credenciales del Administrador de credenciales s...
    1885 ene. 29 09:44 SuccessA... Microsoft-Windows...         5379 Las credenciales del Administrador de credenciales s...
    1884 ene. 29 09:44 SuccessA... Microsoft-Windows...         5379 Las credenciales del Administrador de credenciales s...
    1883 ene. 29 09:44 SuccessA... Microsoft-Windows...         5379 Las credenciales del Administrador de credenciales s...
    1882 ene. 29 09:44 SuccessA... Microsoft-Windows...         5379 Las credenciales del Administrador de credenciales s...
    1881 ene. 29 09:43 SuccessA... Microsoft-Windows...         5379 Las credenciales del Administrador de credenciales s...
    1880 ene. 29 09:43 SuccessA... Microsoft-Windows...         5379 Las credenciales del Administrador de credenciales s...
    1879 ene. 29 09:43 SuccessA... Microsoft-Windows...         5379 Las credenciales del Administrador de credenciales s...
    1878 ene. 29 09:43 SuccessA... Microsoft-Windows...         4672 Se asignaron privilegios especiales a un nuevo inici...
    1877 ene. 29 09:43 SuccessA... Microsoft-Windows...         4624 Se inició sesión correctamente en una cuenta....
    1876 ene. 29 09:43 SuccessA... Microsoft-Windows...         4672 Se asignaron privilegios especiales a un nuevo inici...
    1875 ene. 29 09:43 SuccessA... Microsoft-Windows...         4624 Se inició sesión correctamente en una cuenta....
    1874 ene. 29 09:43 SuccessA... Microsoft-Windows...         5379 Las credenciales del Administrador de credenciales s...
    1873 ene. 29 09:43 SuccessA... Microsoft-Windows...         4798 Se enumeró la pertenencia a grupos locales de un usu...
    1872 ene. 29 09:43 SuccessA... Microsoft-Windows...         5379 Las credenciales del Administrador de credenciales s...
    1871 ene. 29 09:43 SuccessA... Microsoft-Windows...         5379 Las credenciales del Administrador de credenciales s...
    1870 ene. 29 09:42 SuccessA... Microsoft-Windows...         5379 Las credenciales del Administrador de credenciales s...
    1869 ene. 29 09:42 SuccessA... Microsoft-Windows...         5379 Las credenciales del Administrador de credenciales s...
    1868 ene. 29 09:42 SuccessA... Microsoft-Windows...         5379 Las credenciales del Administrador de credenciales s...
    1867 ene. 29 09:42 SuccessA... Microsoft-Windows...         5379 Las credenciales del Administrador de credenciales s...
    1866 ene. 29 09:42 SuccessA... Microsoft-Windows...         5379 Las credenciales del Administrador de credenciales s...
    1865 ene. 29 09:42 SuccessA... Microsoft-Windows...         4634 Se cerró sesión en una cuenta....
    1864 ene. 29 09:42 SuccessA... Microsoft-Windows...         4634 Se cerró sesión en una cuenta....
    1863 ene. 29 09:42 SuccessA... Microsoft-Windows...         4672 Se asignaron privilegios especiales a un nuevo inici...
    1862 ene. 29 09:42 SuccessA... Microsoft-Windows...         4624 Se inició sesión correctamente en una cuenta....
    1861 ene. 29 09:42 SuccessA... Microsoft-Windows...         4624 Se inició sesión correctamente en una cuenta....
    1860 ene. 29 09:42 SuccessA... Microsoft-Windows...         4648 Se intentó iniciar sesión con credenciales explícita...
    1859 ene. 29 09:42 SuccessA... Microsoft-Windows...         5379 Las credenciales del Administrador de credenciales s...
    1858 ene. 29 09:42 SuccessA... Microsoft-Windows...         5379 Las credenciales del Administrador de credenciales s...
    1857 ene. 29 09:42 SuccessA... Microsoft-Windows...         5379 Las credenciales del Administrador de credenciales s...
    1856 ene. 29 09:42 SuccessA... Microsoft-Windows...         5061 Operación criptográfica....
    1855 ene. 29 09:42 SuccessA... Microsoft-Windows...         5058 Operación de archivo de clave....
    1854 ene. 29 09:42 SuccessA... Microsoft-Windows...         5379 Las credenciales del Administrador de credenciales s...
    1853 ene. 29 09:42 SuccessA... Microsoft-Windows...         5379 Las credenciales del Administrador de credenciales s...
    1852 ene. 29 09:42 SuccessA... Microsoft-Windows...         5379 Las credenciales del Administrador de credenciales s...
    1851 ene. 29 09:42 SuccessA... Microsoft-Windows...         5379 Las credenciales del Administrador de credenciales s...
    1850 ene. 29 09:42 SuccessA... Microsoft-Windows...         5379 Las credenciales del Administrador de credenciales s...
    1849 ene. 29 09:42 SuccessA... Microsoft-Windows...         5379 Las credenciales del Administrador de credenciales s...
    1848 ene. 29 09:42 SuccessA... Microsoft-Windows...         5379 Las credenciales del Administrador de credenciales s...
    1847 ene. 29 09:42 SuccessA... Microsoft-Windows...         5379 Las credenciales del Administrador de credenciales s...
    1846 ene. 29 09:42 SuccessA... Microsoft-Windows...         5379 Las credenciales del Administrador de credenciales s...
    1845 ene. 29 09:42 FailureA... Microsoft-Windows...         4625 Error de una cuenta al iniciar sesión....
    1844 ene. 29 09:42 SuccessA... Microsoft-Windows...         4798 Se enumeró la pertenencia a grupos locales de un usu...
    1843 ene. 29 09:41 FailureA... Microsoft-Windows...         4625 Error de una cuenta al iniciar sesión....
    1842 ene. 29 09:41 SuccessA... Microsoft-Windows...         4672 Se asignaron privilegios especiales a un nuevo inici...
    1841 ene. 29 09:41 SuccessA... Microsoft-Windows...         4624 Se inició sesión correctamente en una cuenta....
    1840 ene. 29 09:41 SuccessA... Microsoft-Windows...         4798 Se enumeró la pertenencia a grupos locales de un usu...
    1839 ene. 29 09:41 FailureA... Microsoft-Windows...         4625 Error de una cuenta al iniciar sesión....
    1838 ene. 29 09:41 SuccessA... Microsoft-Windows...         4799 Se enumeró la pertenencia a grupos locales con segur...
    1837 ene. 29 09:41 SuccessA... Microsoft-Windows...         4799 Se enumeró la pertenencia a grupos locales con segur...
    1836 ene. 29 09:41 SuccessA... Microsoft-Windows...         4672 Se asignaron privilegios especiales a un nuevo inici...
    1835 ene. 29 09:41 SuccessA... Microsoft-Windows...         4624 Se inició sesión correctamente en una cuenta....
    1834 ene. 29 09:41 FailureA... Microsoft-Windows...         4625 Error de una cuenta al iniciar sesión....
    1833 ene. 29 09:41 SuccessA... Microsoft-Windows...         4798 Se enumeró la pertenencia a grupos locales de un usu...
    1832 ene. 29 09:41 SuccessA... Microsoft-Windows...         4798 Se enumeró la pertenencia a grupos locales de un usu...
    1831 ene. 29 09:41 SuccessA... Microsoft-Windows...         4672 Se asignaron privilegios especiales a un nuevo inici...
    1830 ene. 29 09:41 SuccessA... Microsoft-Windows...         4624 Se inició sesión correctamente en una cuenta....
    1829 ene. 29 09:41 SuccessA... Microsoft-Windows...         4672 Se asignaron privilegios especiales a un nuevo inici...
    1828 ene. 29 09:41 SuccessA... Microsoft-Windows...         4624 Se inició sesión correctamente en una cuenta....
    1827 ene. 29 09:41 SuccessA... Microsoft-Windows...         4798 Se enumeró la pertenencia a grupos locales de un usu...
    1826 ene. 29 09:41 SuccessA... Microsoft-Windows...         5059 Operación de migración de claves....
    1825 ene. 29 09:41 SuccessA... Microsoft-Windows...         5061 Operación criptográfica....
    1824 ene. 29 09:41 SuccessA... Microsoft-Windows...         5058 Operación de archivo de clave....
    1823 ene. 29 09:41 SuccessA... Microsoft-Windows...         4799 Se enumeró la pertenencia a grupos locales con segur...
    1822 ene. 29 09:41 SuccessA... Microsoft-Windows...         4799 Se enumeró la pertenencia a grupos locales con segur...
    1821 ene. 29 09:41 SuccessA... Microsoft-Windows...         4799 Se enumeró la pertenencia a grupos locales con segur...
    1820 ene. 29 09:41 SuccessA... Microsoft-Windows...         4672 Se asignaron privilegios especiales a un nuevo inici...


PS C:\Windows\system32> Get-Service -ComputerName "German es un fracaso"
>> ErrorTerminación(Get-Service): "No se puede abrir el Administrador de control de servicios en el equipo 'German es un fracaso'. Puede que se requieran otros privilegios para realizar la operación."
Get-Service : No se puede abrir el Administrador de control de servicios en el equipo 'German es un fracaso'. Puede que 
se requieran otros privilegios para realizar la operación.
En línea: 1 Carácter: 1
+ Get-Service -ComputerName "German es un fracaso"
+ ~~~~~~~~~~~~~~~~~~~~~~~~~~~~~~~~~~~~~~~~~~~~~~~~
    + CategoryInfo          : NotSpecified: (:) [Get-Service], InvalidOperationException
    + FullyQualifiedErrorId : System.InvalidOperationException,Microsoft.PowerShell.Commands.GetServiceCommand
Get-Service : No se puede abrir el Administrador de control de servicios en el equipo 'German es un fracaso'. Puede que se
requieran otros privilegios para realizar la operación.
En línea: 1 Carácter: 1
+ Get-Service -ComputerName "German es un fracaso"
+ ~~~~~~~~~~~~~~~~~~~~~~~~~~~~~~~~~~~~~~~~~~~~~~~~
    + CategoryInfo          : NotSpecified: (:) [Get-Service], InvalidOperationException
    + FullyQualifiedErrorId : System.InvalidOperationException,Microsoft.PowerShell.Commands.GetServiceCommand

PS C:\Windows\system32> help "service"

Name                              Category  Module                    Synopsis
----                              --------  ------                    --------
Get-Service                       Cmdlet    Microsoft.PowerShell.M... Gets the services on a local or remote computer.
New-Service                       Cmdlet    Microsoft.PowerShell.M... Creates a new Windows service.
New-WebServiceProxy               Cmdlet    Microsoft.PowerShell.M... Creates a Web service proxy object that lets you us...
Restart-Service                   Cmdlet    Microsoft.PowerShell.M... Stops and then starts one or more services.
Resume-Service                    Cmdlet    Microsoft.PowerShell.M... Resumes one or more suspended (paused) services.
Set-Service                       Cmdlet    Microsoft.PowerShell.M... Starts, stops, and suspends a service, and changes ...
Start-Service                     Cmdlet    Microsoft.PowerShell.M... Starts one or more stopped services.
Stop-Service                      Cmdlet    Microsoft.PowerShell.M... Stops one or more running services.
Suspend-Service                   Cmdlet    Microsoft.PowerShell.M... Suspends (pauses) one or more running services.
Get-NetFirewallServiceFilter      Function  NetSecurity               ...
Set-NetFirewallServiceFilter      Function  NetSecurity               ...


PS C:\Windows\system32> Get-Service -ComputerName "German es un fracaso"
>> ErrorTerminación(Get-Service): "No se puede abrir el Administrador de control de servicios en el equipo 'German es un fracaso'. Puede que se requieran otros privilegios para realizar la operación."
Get-Service : No se puede abrir el Administrador de control de servicios en el equipo 'German es un fracaso'. Puede que 
se requieran otros privilegios para realizar la operación.
En línea: 1 Carácter: 1
+ Get-Service -ComputerName "German es un fracaso"
+ ~~~~~~~~~~~~~~~~~~~~~~~~~~~~~~~~~~~~~~~~~~~~~~~~
    + CategoryInfo          : NotSpecified: (:) [Get-Service], InvalidOperationException
    + FullyQualifiedErrorId : System.InvalidOperationException,Microsoft.PowerShell.Commands.GetServiceCommand
Get-Service : No se puede abrir el Administrador de control de servicios en el equipo 'German es un fracaso'. Puede que se
requieran otros privilegios para realizar la operación.
En línea: 1 Carácter: 1
+ Get-Service -ComputerName "German es un fracaso"
+ ~~~~~~~~~~~~~~~~~~~~~~~~~~~~~~~~~~~~~~~~~~~~~~~~
    + CategoryInfo          : NotSpecified: (:) [Get-Service], InvalidOperationException
    + FullyQualifiedErrorId : System.InvalidOperationException,Microsoft.PowerShell.Commands.GetServiceCommand

PS C:\Windows\system32> help "process"

Name                              Category  Module                    Synopsis
----                              --------  ------                    --------
Enter-PSHostProcess               Cmdlet    Microsoft.PowerShell.Core Connects to and enters into an interactive session ...
Exit-PSHostProcess                Cmdlet    Microsoft.PowerShell.Core Closes an interactive session with a local process.
Get-PSHostProcessInfo             Cmdlet    Microsoft.PowerShell.Core
Debug-Process                     Cmdlet    Microsoft.PowerShell.M... Debugs one or more processes running on the local c...
Get-Process                       Cmdlet    Microsoft.PowerShell.M... Gets the processes that are running on the local co...
Start-Process                     Cmdlet    Microsoft.PowerShell.M... Starts one or more processes on the local computer.
Stop-Process                      Cmdlet    Microsoft.PowerShell.M... Stops one or more running processes.
Wait-Process                      Cmdlet    Microsoft.PowerShell.M... Waits for the processes to be stopped before accept...
Get-AppvVirtualProcess            Function  AppvClient                ...
Start-AppvVirtualProcess          Function  AppvClient                ...
ConvertTo-ProcessMitigationPolicy Cmdlet    ProcessMitigations        ConvertTo-ProcessMitigationPolicy...
Get-ProcessMitigation             Cmdlet    ProcessMitigations        Get-ProcessMitigation...
Set-ProcessMitigation             Cmdlet    ProcessMitigations        Set-ProcessMitigation...


PS C:\Windows\system32> Get-Porcess-ComputerName "juan basura"
Get-Porcess-ComputerName : El término 'Get-Porcess-ComputerName' no se reconoce como nombre de un cmdlet, función, 
archivo de script o programa ejecutable. Compruebe si escribió correctamente el nombre o, si incluyó una ruta de 
acceso, compruebe que dicha ruta es correcta e inténtelo de nuevo.
En línea: 1 Carácter: 1
+ Get-Porcess-ComputerName "juan basura"
+ ~~~~~~~~~~~~~~~~~~~~~~~~
    + CategoryInfo          : ObjectNotFound: (Get-Porcess-ComputerName:String) [], CommandNotFoundException
    + FullyQualifiedErrorId : CommandNotFoundException
Get-Porcess-ComputerName : El término 'Get-Porcess-ComputerName' no se reconoce como nombre de un cmdlet, función, archivo
de script o programa ejecutable. Compruebe si escribió correctamente el nombre o, si incluyó una ruta de acceso, compruebe
que dicha ruta es correcta e inténtelo de nuevo.
En línea: 1 Carácter: 1
+ Get-Porcess-ComputerName "juan basura"
+ ~~~~~~~~~~~~~~~~~~~~~~~~
    + CategoryInfo          : ObjectNotFound: (Get-Porcess-ComputerName:String) [], CommandNotFoundException
    + FullyQualifiedErrorId : CommandNotFoundException

PS C:\Windows\system32> help "outfile"

Name                              Category  Module                    Synopsis
----                              --------  ------                    --------
Invoke-RestMethod                 Cmdlet    Microsoft.PowerShell.U... Sends an HTTP or HTTPS request to a RESTful web ser...
Invoke-WebRequest                 Cmdlet    Microsoft.PowerShell.U... Gets content from a web page on the Internet.
Out-File                          Cmdlet    Microsoft.PowerShell.U... Sends output to a file.


PS C:\Windows\system32> help "width"

Name                              Category  Module                    Synopsis
----                              --------  ------                    --------
Get-DOPercentageMaxForegroundB... Cmdlet    DeliveryOptimization      Get-DOPercentageMaxForegroundBandwidth...
Set-DOPercentageMaxBackgroundB... Cmdlet    DeliveryOptimization      Set-DOPercentageMaxBackgroundBandwidth...
Set-DOPercentageMaxForegroundB... Cmdlet    DeliveryOptimization      Set-DOPercentageMaxForegroundBandwidth...
Get-DOPercentageMaxBackgroundB... Cmdlet    DeliveryOptimization      Get-DOPercentageMaxBackgroundBandwidth...
Get-SmbBandWidthLimit             Function  SmbShare                  ...
Remove-SmbBandwidthLimit          Function  SmbShare                  ...
Set-SmbBandwidthLimit             Function  SmbShare                  ...


PS C:\Windows\system32> Out-File -Width 2000
>> ErrorTerminación(Out-File): "No se puede enlazar el argumento con el parámetro 'FilePath' porque es una cadena vacía."
Out-File : No se puede enlazar el argumento con el parámetro 'FilePath' porque es una cadena vacía.
En línea: 1 Carácter: 1
+ Out-File -Width 2000
+ ~~~~~~~~~~~~~~~~~~~~
    + CategoryInfo          : InvalidData: (:) [Out-File], ParameterBindingValidationException
    + FullyQualifiedErrorId : 
ParameterArgumentValidationErrorEmptyStringNotAllowed,Microsoft.PowerShell.Commands.OutFileCommand
Out-File : No se puede enlazar el argumento con el parámetro 'FilePath' porque es una cadena vacía.
En línea: 1 Carácter: 1
+ Out-File -Width 2000
+ ~~~~~~~~~~~~~~~~~~~~
    + CategoryInfo          : InvalidData: (:) [Out-File], ParameterBindingValidationException
    + FullyQualifiedErrorId : ParameterArgumentValidationErrorEmptyStringNotAllowed,Microsoft.PowerShell.Commands.OutFileCo
   mmand

PS C:\Windows\system32> Get-Service | Out-File procesos.txt -NoClobber
PS C:\Windows\system32> Stop-Transcript
**********************
Fin de la transcripción de Windows PowerShell
Hora de finalización: 20200129104609
**********************
